// Jest Snapshot v1, https://goo.gl/fbAQLP

exports[`Primera App Debe de mostar <PrimeraApp/> correctamente 1`] = `ShallowWrapper {}`;
